// Jest Snapshot v1, https://goo.gl/fbAQLP

exports[`Programming component should render as expected 1`] = `
<div>
  This is the programming section!
</div>
`;
